// Jest Snapshot v1, https://jestjs.io/docs/snapshot-testing

exports[`Creating rc file within a non-TypeScript project works with defaults 1`] = `
{
  "compilerOptions": {},
  "exclude": [
    "node_modules",
  ],
  "include": [
    "**/*.ts",
    ".projenrc.ts",
    "projenrc/**/*.ts",
  ],
}
`;
