// Jest Snapshot v1, https://goo.gl/fbAQLP

exports[`generate projenrc in python 1`] = `
"from projen.python import PythonProject

project = PythonProject()

project.synth()"
`;

exports[`javascript values are translated to python 1`] = `
"from projen.python import PythonProject
from projen import ProjectType

project = PythonProject(
    string_arg="hello",
    int_arg=123,
    float_arg=123.45,
    boolean_arg=False,
    undefined_arg=None,
    null_arg=None,
    object_arg={"foo":"bar"},
    project_type=ProjectType.LIB,
)

project.synth()"
`;

exports[`projenrc.py support 1`] = `
{
  ".gitattributes": "# ~~ Generated by projen. To modify, edit .projenrc.py and run "npx projen".

* text=auto eol=lf
/.gitattributes linguist-generated
/.github/workflows/pull-request-lint.yml linguist-generated
/.gitignore linguist-generated
/.projen/** linguist-generated
/.projen/deps.json linguist-generated
/.projen/files.json linguist-generated
/.projen/tasks.json linguist-generated",
  ".github/workflows/pull-request-lint.yml": "# ~~ Generated by projen. To modify, edit .projenrc.py and run "npx projen".

name: pull-request-lint
on:
  pull_request_target:
    types:
      - labeled
      - opened
      - synchronize
      - reopened
      - ready_for_review
      - edited
  merge_group: {}
jobs:
  validate:
    name: Validate PR title
    runs-on: ubuntu-latest
    permissions:
      pull-requests: write
    if: (github.event_name == 'pull_request' || github.event_name == 'pull_request_target')
    steps:
      - uses: amannn/action-semantic-pull-request@v6
        env:
          GITHUB_TOKEN: \${{ secrets.GITHUB_TOKEN }}
        with:
          types: |-
            feat
            fix
            chore
          requireScope: false
",
  ".gitignore": "# ~~ Generated by projen. To modify, edit .projenrc.py and run "npx projen".
node_modules/
!/.gitattributes
!/.projen/tasks.json
!/.projen/deps.json
!/.projen/files.json
!/.github/workflows/pull-request-lint.yml
!/.projenrc.py
",
  ".projen/deps.json": {
    "//": "~~ Generated by projen. To modify, edit .projenrc.py and run "npx projen".",
    "dependencies": [
      {
        "name": "projen",
        "type": "devenv",
        "version": "1.2.3",
      },
    ],
  },
  ".projen/files.json": {
    "//": "~~ Generated by projen. To modify, edit .projenrc.py and run "npx projen".",
    "files": [
      ".gitattributes",
      ".github/workflows/pull-request-lint.yml",
      ".gitignore",
      ".projen/deps.json",
      ".projen/files.json",
      ".projen/tasks.json",
    ],
  },
  ".projen/tasks.json": {
    "//": "~~ Generated by projen. To modify, edit .projenrc.py and run "npx projen".",
    "tasks": {
      "build": {
        "description": "Full release build",
        "name": "build",
        "steps": [
          {
            "spawn": "default",
          },
          {
            "spawn": "pre-compile",
          },
          {
            "spawn": "compile",
          },
          {
            "spawn": "post-compile",
          },
          {
            "spawn": "test",
          },
          {
            "spawn": "package",
          },
        ],
      },
      "compile": {
        "description": "Only compile",
        "name": "compile",
      },
      "default": {
        "description": "Synthesize project files",
        "name": "default",
        "steps": [
          {
            "exec": "python .projenrc.py",
          },
        ],
      },
      "eject": {
        "description": "Remove projen from the project",
        "env": {
          "PROJEN_EJECTING": "true",
        },
        "name": "eject",
        "steps": [
          {
            "spawn": "default",
          },
        ],
      },
      "package": {
        "description": "Creates the distribution package",
        "name": "package",
      },
      "post-compile": {
        "description": "Runs after successful compilation",
        "name": "post-compile",
      },
      "pre-compile": {
        "description": "Prepare the project for compilation",
        "name": "pre-compile",
      },
      "test": {
        "description": "Run tests",
        "name": "test",
      },
    },
  },
  "README.md": "# replace this",
}
`;
