// Jest Snapshot v1, https://jestjs.io/docs/snapshot-testing

exports[`simple use 1`] = `
"<?xml version="1.0" encoding="UTF-8"?>
<project>
    <modelVersion>4.0.0</modelVersion>
    <groupId>com.myorg</groupId>
    <artifactId>play-202101050157</artifactId>
    <version>0.1</version>
    <properties>
        <project.build.sourceEncoding>UTF-8</project.build.sourceEncoding>
    </properties>
</project>
<!-- ~~ Generated by projen. To modify, edit .projenrc.js and run "npx projen". -->"
`;
