// Jest Snapshot v1, https://goo.gl/fbAQLP

exports[`happy flow 1`] = `
{
  "//": "~~ Generated by projen. To modify, edit src/test/java/projenrc.java and run "npx projen".",
  "app": "mvn exec:java --quiet -Dexec.mainClass=org.bacme.BoomApp",
  "output": "cdk.out",
}
`;

exports[`happy flow 2`] = `
"<?xml version="1.0" encoding="UTF-8"?>
<project xsi:schemaLocation="http://maven.apache.org/POM/4.0.0 http://maven.apache.org/xsd/maven-4.0.0.xsd" xmlns="http://maven.apache.org/POM/4.0.0" xmlns:xsi="http://www.w3.org/2001/XMLSchema-instance">
    <modelVersion>4.0.0</modelVersion>
    <groupId>org.acme</groupId>
    <artifactId>my-app</artifactId>
    <version>0.1.0</version>
    <packaging>jar</packaging>
    <name>my-app</name>
    <properties>
        <project.build.sourceEncoding>UTF-8</project.build.sourceEncoding>
    </properties>
    <build>
        <plugins>
            <plugin>
                <groupId>org.apache.maven.plugins</groupId>
                <artifactId>maven-compiler-plugin</artifactId>
                <version>3.8.1</version>
                <configuration>
                    <source>1.8</source>
                    <target>1.8</target>
                </configuration>
            </plugin>
            <plugin>
                <groupId>org.apache.maven.plugins</groupId>
                <artifactId>maven-enforcer-plugin</artifactId>
                <version>3.0.0-M3</version>
                <configuration>
                    <rules>
                        <requireMavenVersion>
                            <version>3.6</version>
                        </requireMavenVersion>
                    </rules>
                </configuration>
                <executions>
                    <execution>
                        <id>enforce-maven</id>
                        <goals>
                            <goal>enforce</goal>
                        </goals>
                    </execution>
                </executions>
            </plugin>
            <plugin>
                <groupId>org.apache.maven.plugins</groupId>
                <artifactId>maven-jar-plugin</artifactId>
                <version>3.2.0</version>
                <configuration>
                    <archive>
                        <index>true</index>
                        <manifest>
                            <addDefaultImplementationEntries>true</addDefaultImplementationEntries>
                            <addDefaultSpecificationEntries>true</addDefaultSpecificationEntries>
                        </manifest>
                    </archive>
                </configuration>
            </plugin>
            <plugin>
                <groupId>org.apache.maven.plugins</groupId>
                <artifactId>maven-javadoc-plugin</artifactId>
                <version>3.2.0</version>
                <configuration>
                    <failOnError>false</failOnError>
                    <show>protected</show>
                    <detectJavaApiLink>false</detectJavaApiLink>
                    <additionalJOptions>
                        <additionalJOption>-J-XX:+TieredCompilation</additionalJOption>
                        <additionalJOption>-J-XX:TieredStopAtLevel=1</additionalJOption>
                    </additionalJOptions>
                </configuration>
                <executions>
                    <execution>
                        <id>attach-javadocs</id>
                        <goals>
                            <goal>jar</goal>
                        </goals>
                    </execution>
                </executions>
            </plugin>
            <plugin>
                <groupId>org.apache.maven.plugins</groupId>
                <artifactId>maven-source-plugin</artifactId>
                <version>3.2.1</version>
                <executions>
                    <execution>
                        <id>attach-sources</id>
                        <goals>
                            <goal>jar</goal>
                        </goals>
                    </execution>
                </executions>
            </plugin>
            <plugin>
                <groupId>org.codehaus.mojo</groupId>
                <artifactId>exec-maven-plugin</artifactId>
                <version>3.0.0</version>
            </plugin>
        </plugins>
    </build>
    <dependencies>
        <dependency>
            <groupId>software.amazon.awscdk</groupId>
            <artifactId>core</artifactId>
            <version>[1.130.0,2.0.0)</version>
        </dependency>
        <dependency>
            <groupId>software.constructs</groupId>
            <artifactId>constructs</artifactId>
            <version>[3.2.27,4.0.0)</version>
        </dependency>
        <dependency>
            <groupId>io.github.cdklabs</groupId>
            <artifactId>projen</artifactId>
            <version>99.99.99</version>
            <scope>test</scope>
        </dependency>
        <dependency>
            <groupId>org.junit.jupiter</groupId>
            <artifactId>junit-jupiter-api</artifactId>
            <version>5.7.0</version>
            <scope>test</scope>
        </dependency>
        <dependency>
            <groupId>org.junit.jupiter</groupId>
            <artifactId>junit-jupiter-engine</artifactId>
            <version>5.7.0</version>
            <scope>test</scope>
        </dependency>
        <dependency>
            <groupId>software.amazon.awscdk</groupId>
            <artifactId>assertions</artifactId>
            <version>[1.130.0,2.0.0)</version>
            <scope>test</scope>
        </dependency>
    </dependencies>
</project>
<!-- ~~ Generated by projen. To modify, edit src/test/java/projenrc.java and run "npx projen". -->"
`;

exports[`happy flow 3`] = `
"package org.bacme;

import org.junit.jupiter.api.Test;

public class MyTest {
  @Test
  public void testHello() {
    System.out.println("Hello, world!");
  }
}"
`;
