// Jest Snapshot v1, https://jestjs.io/docs/snapshot-testing

exports[`simplest LambdaExtension cdk v2 1`] = `
"// ~~ Generated by projen. To modify, edit .projenrc.js and run "npx projen".
import * as path from 'path';
import * as lambda from 'aws-cdk-lib/aws-lambda';
import { Construct } from 'constructs';

/**
 * Props for ExampleLayerVersion
 */
export interface ExampleLayerVersionProps extends lambda.LayerVersionOptions {
}

/**
 * Provides a Lambda Extension \`example\` from src/example.lambda-extension.ts
 */
export class ExampleLayerVersion extends lambda.LayerVersion {
  constructor(scope: Construct, id: string, props?: ExampleLayerVersionProps) {
    super(scope, id, {
      description: 'Provides a Lambda Extension \`example\` from src/example.lambda-extension.ts',
      ...props,
      compatibleRuntimes: [
        new lambda.Runtime('nodejs12.x', lambda.RuntimeFamily.NODEJS),
        new lambda.Runtime('nodejs14.x', lambda.RuntimeFamily.NODEJS),
        new lambda.Runtime('nodejs16.x', lambda.RuntimeFamily.NODEJS),
        new lambda.Runtime('nodejs18.x', lambda.RuntimeFamily.NODEJS),
        new lambda.Runtime('nodejs20.x', lambda.RuntimeFamily.NODEJS),
        new lambda.Runtime('nodejs22.x', lambda.RuntimeFamily.NODEJS),
      ],
      code: lambda.Code.fromAsset(path.join(__dirname,
        '../assets/example.lambda-extension')),
    });
  }
}"
`;
