// Jest Snapshot v1, https://jestjs.io/docs/snapshot-testing

exports[`create cdk python project 1`] = `
{
  "//": "~~ Generated by projen. To modify, edit .projenrc.py and run "npx projen".",
  "app": "python app.py",
  "output": "cdk.out",
  "watch": {
    "exclude": [
      "README.md",
      "cdk*.json",
      "requirements*.txt",
      "source.bat",
      "**/__init__.py",
      "python/__pycache__",
      "tests",
    ],
    "include": [
      "**",
    ],
  },
}
`;
