// Jest Snapshot v1, https://goo.gl/fbAQLP

exports[`AwsCdkTypeScriptApp synthesizes with updated tsconfig defaults 1`] = `
{
  "compilerOptions": {
    "alwaysStrict": true,
    "declaration": true,
    "esModuleInterop": true,
    "experimentalDecorators": true,
    "inlineSourceMap": true,
    "inlineSources": true,
    "lib": [
      "es2022",
    ],
    "module": "NodeNext",
    "moduleResolution": "nodenext",
    "noEmitOnError": false,
    "noFallthroughCasesInSwitch": false,
    "noImplicitAny": true,
    "noImplicitReturns": true,
    "noImplicitThis": true,
    "noUnusedLocals": false,
    "noUnusedParameters": false,
    "outDir": "lib",
    "resolveJsonModule": true,
    "rootDir": "src",
    "strict": true,
    "strictNullChecks": true,
    "strictPropertyInitialization": false,
    "stripInternal": true,
    "target": "ES2022",
    "typeRoots": [
      "./node_modules/@types",
    ],
  },
  "exclude": [
    "node_modules",
    "cdk.out",
  ],
  "include": [
    "src/**/*.ts",
  ],
}
`;
