// Jest Snapshot v1, https://goo.gl/fbAQLP

exports[`projenrc.json default project 1`] = `
{
  ".gitattributes": "# ~~ Generated by projen. To modify, edit .projenrc.json and run "npx projen".

* text=auto eol=lf
/.gitattributes linguist-generated
/.github/workflows/pull-request-lint.yml linguist-generated
/.gitignore linguist-generated
/.projen/** linguist-generated
/.projen/deps.json linguist-generated
/.projen/files.json linguist-generated
/.projen/tasks.json linguist-generated",
  ".github/workflows/pull-request-lint.yml": "# ~~ Generated by projen. To modify, edit .projenrc.json and run "npx projen".

name: pull-request-lint
on:
  pull_request_target:
    types:
      - labeled
      - opened
      - synchronize
      - reopened
      - ready_for_review
      - edited
  merge_group: {}
jobs:
  validate:
    name: Validate PR title
    runs-on: ubuntu-latest
    permissions:
      pull-requests: write
    if: (github.event_name == 'pull_request' || github.event_name == 'pull_request_target')
    steps:
      - uses: amannn/action-semantic-pull-request@v6
        env:
          GITHUB_TOKEN: \${{ secrets.GITHUB_TOKEN }}
        with:
          types: |-
            feat
            fix
            chore
          requireScope: false
",
  ".gitignore": "# ~~ Generated by projen. To modify, edit .projenrc.json and run "npx projen".
node_modules/
!/.gitattributes
!/.projen/tasks.json
!/.projen/deps.json
!/.projen/files.json
!/.github/workflows/pull-request-lint.yml
!/.projenrc.json
",
  ".projen/files.json": {
    "//": "~~ Generated by projen. To modify, edit .projenrc.json and run "npx projen".",
    "files": [
      ".gitattributes",
      ".github/workflows/pull-request-lint.yml",
      ".gitignore",
      ".projen/deps.json",
      ".projen/files.json",
      ".projen/tasks.json",
    ],
  },
  ".projen/tasks.json": {
    "//": "~~ Generated by projen. To modify, edit .projenrc.json and run "npx projen".",
    "tasks": {
      "build": {
        "description": "Full release build",
        "name": "build",
        "steps": [
          {
            "spawn": "default",
          },
          {
            "spawn": "pre-compile",
          },
          {
            "spawn": "compile",
          },
          {
            "spawn": "post-compile",
          },
          {
            "spawn": "test",
          },
          {
            "spawn": "package",
          },
        ],
      },
      "compile": {
        "description": "Only compile",
        "name": "compile",
      },
      "default": {
        "description": "Synthesize project files",
        "env": {
          "FILENAME": ".projenrc.json",
        },
        "name": "default",
        "steps": [
          {
            "builtin": "run-projenrc-json",
          },
        ],
      },
      "eject": {
        "description": "Remove projen from the project",
        "env": {
          "PROJEN_EJECTING": "true",
        },
        "name": "eject",
        "steps": [
          {
            "spawn": "default",
          },
        ],
      },
      "package": {
        "description": "Creates the distribution package",
        "name": "package",
      },
      "post-compile": {
        "description": "Runs after successful compilation",
        "name": "post-compile",
      },
      "pre-compile": {
        "description": "Prepare the project for compilation",
        "name": "pre-compile",
      },
      "test": {
        "description": "Run tests",
        "name": "test",
      },
    },
  },
  "README.md": "# replace this",
}
`;

exports[`projenrc.json with typed options 1`] = `
{
  ".gitattributes": "# ~~ Generated by projen. To modify, edit .projenrc.json and run "npx projen".

* text=auto eol=lf
/.gitattributes linguist-generated
/.github/workflows/pull-request-lint.yml linguist-generated
/.gitignore linguist-generated
/.projen/** linguist-generated
/.projen/deps.json linguist-generated
/.projen/files.json linguist-generated
/.projen/tasks.json linguist-generated",
  ".github/workflows/pull-request-lint.yml": "# ~~ Generated by projen. To modify, edit .projenrc.json and run "npx projen".

name: pull-request-lint
on:
  pull_request_target:
    types:
      - labeled
      - opened
      - synchronize
      - reopened
      - ready_for_review
      - edited
  merge_group: {}
jobs:
  validate:
    name: Validate PR title
    runs-on: ubuntu-latest
    permissions:
      pull-requests: write
    if: (github.event_name == 'pull_request' || github.event_name == 'pull_request_target')
    steps:
      - uses: amannn/action-semantic-pull-request@v6
        env:
          GITHUB_TOKEN: \${{ secrets.GITHUB_TOKEN }}
        with:
          types: |-
            feat
            fix
            chore
          requireScope: false
",
  ".gitignore": "# ~~ Generated by projen. To modify, edit .projenrc.json and run "npx projen".
node_modules/
!/.gitattributes
!/.projen/tasks.json
!/.projen/deps.json
!/.projen/files.json
!/.github/workflows/pull-request-lint.yml
!/.projenrc.json
",
  ".projen/files.json": {
    "//": "~~ Generated by projen. To modify, edit .projenrc.json and run "npx projen".",
    "files": [
      ".gitattributes",
      ".github/workflows/pull-request-lint.yml",
      ".gitignore",
      ".projen/deps.json",
      ".projen/files.json",
      ".projen/tasks.json",
    ],
  },
  ".projen/tasks.json": {
    "//": "~~ Generated by projen. To modify, edit .projenrc.json and run "npx projen".",
    "tasks": {
      "build": {
        "description": "Full release build",
        "name": "build",
        "steps": [
          {
            "spawn": "default",
          },
          {
            "spawn": "pre-compile",
          },
          {
            "spawn": "compile",
          },
          {
            "spawn": "post-compile",
          },
          {
            "spawn": "test",
          },
          {
            "spawn": "package",
          },
        ],
      },
      "compile": {
        "description": "Only compile",
        "name": "compile",
      },
      "default": {
        "description": "Synthesize project files",
        "env": {
          "FILENAME": ".projenrc.json",
        },
        "name": "default",
        "steps": [
          {
            "builtin": "run-projenrc-json",
          },
        ],
      },
      "eject": {
        "description": "Remove projen from the project",
        "env": {
          "PROJEN_EJECTING": "true",
        },
        "name": "eject",
        "steps": [
          {
            "spawn": "default",
          },
        ],
      },
      "package": {
        "description": "Creates the distribution package",
        "name": "package",
      },
      "post-compile": {
        "description": "Runs after successful compilation",
        "name": "post-compile",
      },
      "pre-compile": {
        "description": "Prepare the project for compilation",
        "name": "pre-compile",
      },
      "test": {
        "description": "Run tests",
        "name": "test",
      },
    },
  },
  ".projenrc.json": {
    "name": "@example/foo",
    "npmAccess": "public",
    "staleOptions": {
      "issues": {
        "daysBeforeStale": 100,
      },
      "pullRequest": {
        "enabled": false,
      },
    },
    "type": "projen.typescript.TypeScriptProject",
  },
  "README.md": "# replace this",
}
`;
