// Jest Snapshot v1, https://jestjs.io/docs/snapshot-testing

exports[`dev environment constructor for gitpod 1`] = `
"# ~~ Generated by projen. To modify, edit .projenrc.js and run "npx projen".

image: ubuntu:latest
tasks:
  - name: dummy-task
    command: npx projen dummy-task
github:
  prebuilds:
    pullRequests: true
ports:
  - port: "3000"
vscode:
  extensions:
    - dbaeumer.vscode-eslint@2.1.13:5sYlSD6wJi5s3xqD8hupUw==
"
`;
